Archive member included to satisfy reference by file (symbol)

c:/st/stm32cubeide_1.3.0/stm32cubeide/plugins/com.st.stm32cube.ide.mcu.externaltools.gnu-tools-for-stm32.7-2018-q2-update.win32_1.0.0.201904181610/tools/bin/../lib/gcc/arm-none-eabi/7.3.1/../../../../arm-none-eabi/lib/thumb/v7e-m/fpv4-sp/hard\libc_nano.a(lib_a-errno.o)
                              Core/Src/syscalls.o (__errno)
c:/st/stm32cubeide_1.3.0/stm32cubeide/plugins/com.st.stm32cube.ide.mcu.externaltools.gnu-tools-for-stm32.7-2018-q2-update.win32_1.0.0.201904181610/tools/bin/../lib/gcc/arm-none-eabi/7.3.1/../../../../arm-none-eabi/lib/thumb/v7e-m/fpv4-sp/hard\libc_nano.a(lib_a-exit.o)
                              c:/st/stm32cubeide_1.3.0/stm32cubeide/plugins/com.st.stm32cube.ide.mcu.externaltools.gnu-tools-for-stm32.7-2018-q2-update.win32_1.0.0.201904181610/tools/bin/../lib/gcc/arm-none-eabi/7.3.1/../../../../arm-none-eabi/lib/thumb/v7e-m/fpv4-sp/hard/crt0.o (exit)
c:/st/stm32cubeide_1.3.0/stm32cubeide/plugins/com.st.stm32cube.ide.mcu.externaltools.gnu-tools-for-stm32.7-2018-q2-update.win32_1.0.0.201904181610/tools/bin/../lib/gcc/arm-none-eabi/7.3.1/../../../../arm-none-eabi/lib/thumb/v7e-m/fpv4-sp/hard\libc_nano.a(lib_a-impure.o)
                              c:/st/stm32cubeide_1.3.0/stm32cubeide/plugins/com.st.stm32cube.ide.mcu.externaltools.gnu-tools-for-stm32.7-2018-q2-update.win32_1.0.0.201904181610/tools/bin/../lib/gcc/arm-none-eabi/7.3.1/../../../../arm-none-eabi/lib/thumb/v7e-m/fpv4-sp/hard\libc_nano.a(lib_a-exit.o) (_global_impure_ptr)
c:/st/stm32cubeide_1.3.0/stm32cubeide/plugins/com.st.stm32cube.ide.mcu.externaltools.gnu-tools-for-stm32.7-2018-q2-update.win32_1.0.0.201904181610/tools/bin/../lib/gcc/arm-none-eabi/7.3.1/../../../../arm-none-eabi/lib/thumb/v7e-m/fpv4-sp/hard\libc_nano.a(lib_a-init.o)
                              c:/st/stm32cubeide_1.3.0/stm32cubeide/plugins/com.st.stm32cube.ide.mcu.externaltools.gnu-tools-for-stm32.7-2018-q2-update.win32_1.0.0.201904181610/tools/bin/../lib/gcc/arm-none-eabi/7.3.1/../../../../arm-none-eabi/lib/thumb/v7e-m/fpv4-sp/hard/crt0.o (__libc_init_array)
c:/st/stm32cubeide_1.3.0/stm32cubeide/plugins/com.st.stm32cube.ide.mcu.externaltools.gnu-tools-for-stm32.7-2018-q2-update.win32_1.0.0.201904181610/tools/bin/../lib/gcc/arm-none-eabi/7.3.1/../../../../arm-none-eabi/lib/thumb/v7e-m/fpv4-sp/hard\libc_nano.a(lib_a-memset.o)
                              c:/st/stm32cubeide_1.3.0/stm32cubeide/plugins/com.st.stm32cube.ide.mcu.externaltools.gnu-tools-for-stm32.7-2018-q2-update.win32_1.0.0.201904181610/tools/bin/../lib/gcc/arm-none-eabi/7.3.1/../../../../arm-none-eabi/lib/thumb/v7e-m/fpv4-sp/hard/crt0.o (memset)
c:/st/stm32cubeide_1.3.0/stm32cubeide/plugins/com.st.stm32cube.ide.mcu.externaltools.gnu-tools-for-stm32.7-2018-q2-update.win32_1.0.0.201904181610/tools/bin/../lib/gcc/arm-none-eabi/7.3.1/thumb/v7e-m/fpv4-sp/hard\libgcc.a(_aeabi_uldivmod.o)
                              Drivers/STM32F4xx_HAL_Driver/Src/stm32f4xx_hal_rcc.o (__aeabi_uldivmod)
c:/st/stm32cubeide_1.3.0/stm32cubeide/plugins/com.st.stm32cube.ide.mcu.externaltools.gnu-tools-for-stm32.7-2018-q2-update.win32_1.0.0.201904181610/tools/bin/../lib/gcc/arm-none-eabi/7.3.1/thumb/v7e-m/fpv4-sp/hard\libgcc.a(_udivmoddi4.o)
                              c:/st/stm32cubeide_1.3.0/stm32cubeide/plugins/com.st.stm32cube.ide.mcu.externaltools.gnu-tools-for-stm32.7-2018-q2-update.win32_1.0.0.201904181610/tools/bin/../lib/gcc/arm-none-eabi/7.3.1/thumb/v7e-m/fpv4-sp/hard\libgcc.a(_aeabi_uldivmod.o) (__udivmoddi4)
c:/st/stm32cubeide_1.3.0/stm32cubeide/plugins/com.st.stm32cube.ide.mcu.externaltools.gnu-tools-for-stm32.7-2018-q2-update.win32_1.0.0.201904181610/tools/bin/../lib/gcc/arm-none-eabi/7.3.1/thumb/v7e-m/fpv4-sp/hard\libgcc.a(_dvmd_tls.o)
                              c:/st/stm32cubeide_1.3.0/stm32cubeide/plugins/com.st.stm32cube.ide.mcu.externaltools.gnu-tools-for-stm32.7-2018-q2-update.win32_1.0.0.201904181610/tools/bin/../lib/gcc/arm-none-eabi/7.3.1/thumb/v7e-m/fpv4-sp/hard\libgcc.a(_aeabi_uldivmod.o) (__aeabi_ldiv0)

Allocating common symbols
Common symbol       size              file

uwTick              0x4               Drivers/STM32F4xx_HAL_Driver/Src/stm32f4xx_hal.o
pFlash              0x20              Drivers/STM32F4xx_HAL_Driver/Src/stm32f4xx_hal_flash.o
can_data            0x5               Core/Src/main.o
tick                0x4               Core/Src/main.o
hspi1               0x58              Core/Src/main.o
huart2              0x40              Core/Src/main.o
CardID              0x32              Core/Src/main.o
st                  0x4               Core/Src/main.o

Discarded input sections

 .text          0x0000000000000000        0x0 c:/st/stm32cubeide_1.3.0/stm32cubeide/plugins/com.st.stm32cube.ide.mcu.externaltools.gnu-tools-for-stm32.7-2018-q2-update.win32_1.0.0.201904181610/tools/bin/../lib/gcc/arm-none-eabi/7.3.1/thumb/v7e-m/fpv4-sp/hard/crti.o
[...]
Memory Configuration

Name             Origin             Length             Attributes
CCMRAM           0x0000000010000000 0x0000000000010000 xrw
RAM              0x0000000020000000 0x0000000000020000 xrw
FLASH            0x0000000008000000 0x0000000000080000 xr
*default*        0x0000000000000000 0xffffffffffffffff

Linker script and memory map

LOAD c:/st/stm32cubeide_1.3.0/stm32cubeide/plugins/com.st.stm32cube.ide.mcu.externaltools.gnu-tools-for-stm32.7-2018-q2-update.win32_1.0.0.201904181610/tools/bin/../lib/gcc/arm-none-eabi/7.3.1/thumb/v7e-m/fpv4-sp/hard/crti.o
LOAD c:/st/stm32cubeide_1.3.0/stm32cubeide/plugins/com.st.stm32cube.ide.mcu.externaltools.gnu-tools-for-stm32.7-2018-q2-update.win32_1.0.0.201904181610/tools/bin/../lib/gcc/arm-none-eabi/7.3.1/thumb/v7e-m/fpv4-sp/hard/crtbegin.o
LOAD c:/st/stm32cubeide_1.3.0/stm32cubeide/plugins/com.st.stm32cube.ide.mcu.externaltools.gnu-tools-for-stm32.7-2018-q2-update.win32_1.0.0.201904181610/tools/bin/../lib/gcc/arm-none-eabi/7.3.1/../../../../arm-none-eabi/lib/thumb/v7e-m/fpv4-sp/hard/crt0.o
LOAD Core/Src/main.o
LOAD Core/Src/rc522.o
LOAD Core/Src/stm32f4xx_hal_msp.o
LOAD Core/Src/stm32f4xx_it.o
LOAD Core/Src/syscalls.o
LOAD Core/Src/sysmem.o
LOAD Core/Src/system_stm32f4xx.o
LOAD Core/Startup/startup_stm32f407zetx.o
LOAD Drivers/STM32F4xx_HAL_Driver/Src/stm32f4xx_hal.o
LOAD Drivers/STM32F4xx_HAL_Driver/Src/stm32f4xx_hal_cortex.o
LOAD Drivers/STM32F4xx_HAL_Driver/Src/stm32f4xx_hal_dma.o
LOAD Drivers/STM32F4xx_HAL_Driver/Src/stm32f4xx_hal_dma_ex.o
LOAD Drivers/STM32F4xx_HAL_Driver/Src/stm32f4xx_hal_exti.o
LOAD Drivers/STM32F4xx_HAL_Driver/Src/stm32f4xx_hal_flash.o
LOAD Drivers/STM32F4xx_HAL_Driver/Src/stm32f4xx_hal_flash_ex.o
LOAD Drivers/STM32F4xx_HAL_Driver/Src/stm32f4xx_hal_flash_ramfunc.o
LOAD Drivers/STM32F4xx_HAL_Driver/Src/stm32f4xx_hal_gpio.o
LOAD Drivers/STM32F4xx_HAL_Driver/Src/stm32f4xx_hal_pwr.o
LOAD Drivers/STM32F4xx_HAL_Driver/Src/stm32f4xx_hal_pwr_ex.o
LOAD Drivers/STM32F4xx_HAL_Driver/Src/stm32f4xx_hal_rcc.o
LOAD Drivers/STM32F4xx_HAL_Driver/Src/stm32f4xx_hal_rcc_ex.o
LOAD Drivers/STM32F4xx_HAL_Driver/Src/stm32f4xx_hal_spi.o
LOAD Drivers/STM32F4xx_HAL_Driver/Src/stm32f4xx_hal_tim.o
LOAD Drivers/STM32F4xx_HAL_Driver/Src/stm32f4xx_hal_tim_ex.o
LOAD Drivers/STM32F4xx_HAL_Driver/Src/stm32f4xx_hal_uart.o
START GROUP
LOAD c:/st/stm32cubeide_1.3.0/stm32cubeide/plugins/com.st.stm32cube.ide.mcu.externaltools.gnu-tools-for-stm32.7-2018-q2-update.win32_1.0.0.201904181610/tools/bin/../lib/gcc/arm-none-eabi/7.3.1/../../../../arm-none-eabi/lib/thumb/v7e-m/fpv4-sp/hard\libc_nano.a
LOAD c:/st/stm32cubeide_1.3.0/stm32cubeide/plugins/com.st.stm32cube.ide.mcu.externaltools.gnu-tools-for-stm32.7-2018-q2-update.win32_1.0.0.201904181610/tools/bin/../lib/gcc/arm-none-eabi/7.3.1/../../../../arm-none-eabi/lib/thumb/v7e-m/fpv4-sp/hard\libm.a
END GROUP
START GROUP
LOAD c:/st/stm32cubeide_1.3.0/stm32cubeide/plugins/com.st.stm32cube.ide.mcu.externaltools.gnu-tools-for-stm32.7-2018-q2-update.win32_1.0.0.201904181610/tools/bin/../lib/gcc/arm-none-eabi/7.3.1/thumb/v7e-m/fpv4-sp/hard\libgcc.a
LOAD c:/st/stm32cubeide_1.3.0/stm32cubeide/plugins/com.st.stm32cube.ide.mcu.externaltools.gnu-tools-for-stm32.7-2018-q2-update.win32_1.0.0.201904181610/tools/bin/../lib/gcc/arm-none-eabi/7.3.1/../../../../arm-none-eabi/lib/thumb/v7e-m/fpv4-sp/hard\libc_nano.a
END GROUP
START GROUP
LOAD c:/st/stm32cubeide_1.3.0/stm32cubeide/plugins/com.st.stm32cube.ide.mcu.externaltools.gnu-tools-for-stm32.7-2018-q2-update.win32_1.0.0.201904181610/tools/bin/../lib/gcc/arm-none-eabi/7.3.1/thumb/v7e-m/fpv4-sp/hard\libgcc.a
LOAD c:/st/stm32cubeide_1.3.0/stm32cubeide/plugins/com.st.stm32cube.ide.mcu.externaltools.gnu-tools-for-stm32.7-2018-q2-update.win32_1.0.0.201904181610/tools/bin/../lib/gcc/arm-none-eabi/7.3.1/../../../../arm-none-eabi/lib/thumb/v7e-m/fpv4-sp/hard\libc_nano.a
LOAD c:/st/stm32cubeide_1.3.0/stm32cubeide/plugins/com.st.stm32cube.ide.mcu.externaltools.gnu-tools-for-stm32.7-2018-q2-update.win32_1.0.0.201904181610/tools/bin/../lib/gcc/arm-none-eabi/7.3.1/../../../../arm-none-eabi/lib/thumb/v7e-m/fpv4-sp/hard\libnosys.a
END GROUP
START GROUP
LOAD c:/st/stm32cubeide_1.3.0/stm32cubeide/plugins/com.st.stm32cube.ide.mcu.externaltools.gnu-tools-for-stm32.7-2018-q2-update.win32_1.0.0.201904181610/tools/bin/../lib/gcc/arm-none-eabi/7.3.1/thumb/v7e-m/fpv4-sp/hard\libgcc.a
LOAD c:/st/stm32cubeide_1.3.0/stm32cubeide/plugins/com.st.stm32cube.ide.mcu.externaltools.gnu-tools-for-stm32.7-2018-q2-update.win32_1.0.0.201904181610/tools/bin/../lib/gcc/arm-none-eabi/7.3.1/../../../../arm-none-eabi/lib/thumb/v7e-m/fpv4-sp/hard\libc_nano.a
LOAD c:/st/stm32cubeide_1.3.0/stm32cubeide/plugins/com.st.stm32cube.ide.mcu.externaltools.gnu-tools-for-stm32.7-2018-q2-update.win32_1.0.0.201904181610/tools/bin/../lib/gcc/arm-none-eabi/7.3.1/../../../../arm-none-eabi/lib/thumb/v7e-m/fpv4-sp/hard\libnosys.a
END GROUP
LOAD c:/st/stm32cubeide_1.3.0/stm32cubeide/plugins/com.st.stm32cube.ide.mcu.externaltools.gnu-tools-for-stm32.7-2018-q2-update.win32_1.0.0.201904181610/tools/bin/../lib/gcc/arm-none-eabi/7.3.1/thumb/v7e-m/fpv4-sp/hard/crtend.o
LOAD c:/st/stm32cubeide_1.3.0/stm32cubeide/plugins/com.st.stm32cube.ide.mcu.externaltools.gnu-tools-for-stm32.7-2018-q2-update.win32_1.0.0.201904181610/tools/bin/../lib/gcc/arm-none-eabi/7.3.1/thumb/v7e-m/fpv4-sp/hard/crtn.o
                0x0000000020020000                _estack = (ORIGIN (RAM) + LENGTH (RAM))
                0x0000000000000200                _Min_Heap_Size = 0x200
                0x0000000000000400                _Min_Stack_Size = 0x400

.isr_vector     0x0000000008000000      0x188
                0x0000000008000000                . = ALIGN (0x4)
 *(.isr_vector)
 .isr_vector    0x0000000008000000      0x188 Core/Startup/startup_stm32f407zetx.o
                0x0000000008000000                g_pfnVectors
                0x0000000008000188                . = ALIGN (0x4)

.text           0x0000000008000188     0x2b64
                0x0000000008000188                . = ALIGN (0x4)
 *(.text)
 .text          0x0000000008000188       0x40 c:/st/stm32cubeide_1.3.0/stm32cubeide/plugins/com.st.stm32cube.ide.mcu.externaltools.gnu-tools-for-stm32.7-2018-q2-update.win32_1.0.0.201904181610/tools/bin/../lib/gcc/arm-none-eabi/7.3.1/thumb/v7e-m/fpv4-sp/hard/crtbegin.o
 .text          0x00000000080001c8       0x30 c:/st/stm32cubeide_1.3.0/stm32cubeide/plugins/com.st.stm32cube.ide.mcu.externaltools.gnu-tools-for-stm32.7-2018-q2-update.win32_1.0.0.201904181610/tools/bin/../lib/gcc/arm-none-eabi/7.3.1/thumb/v7e-m/fpv4-sp/hard\libgcc.a(_aeabi_uldivmod.o)
                0x00000000080001c8                __aeabi_uldivmod
 .text          0x00000000080001f8      0x2cc c:/st/stm32cubeide_1.3.0/stm32cubeide/plugins/com.st.stm32cube.ide.mcu.externaltools.gnu-tools-for-stm32.7-2018-q2-update.win32_1.0.0.201904181610/tools/bin/../lib/gcc/arm-none-eabi/7.3.1/thumb/v7e-m/fpv4-sp/hard\libgcc.a(_udivmoddi4.o)
                0x00000000080001f8                __udivmoddi4
 .text          0x00000000080004c4        0x4 c:/st/stm32cubeide_1.3.0/stm32cubeide/plugins/com.st.stm32cube.ide.mcu.externaltools.gnu-tools-for-stm32.7-2018-q2-update.win32_1.0.0.201904181610/tools/bin/../lib/gcc/arm-none-eabi/7.3.1/thumb/v7e-m/fpv4-sp/hard\libgcc.a(_dvmd_tls.o)
                0x00000000080004c4                __aeabi_idiv0
                0x00000000080004c4                __aeabi_ldiv0
 *(.text*)
 .text.main     0x00000000080004c8       0xbc Core/Src/main.o
                0x00000000080004c8                main
 .text.SystemClock_Config
                0x0000000008000584       0xd4 Core/Src/main.o
                0x0000000008000584                SystemClock_Config
 .text.MX_SPI1_Init
                0x0000000008000658       0x6c Core/Src/main.o
 .text.MX_USART2_UART_Init
                0x00000000080006c4       0x54 Core/Src/main.o
 .text.MX_GPIO_Init
                0x0000000008000718      0x118 Core/Src/main.o
 .text.Error_Handler
                0x0000000008000830        0xe Core/Src/main.o
                0x0000000008000830                Error_Handler
 *fill*         0x000000000800083e        0x2 
 .text.SPI1SendByte
                0x0000000008000840       0x30 Core/Src/rc522.o
                0x0000000008000840                SPI1SendByte
 .text.SPI1_WriteReg
                0x0000000008000870       0x40 Core/Src/rc522.o
                0x0000000008000870                SPI1_WriteReg
 .text.SPI1_ReadReg
                0x00000000080008b0       0x40 Core/Src/rc522.o
                0x00000000080008b0                SPI1_ReadReg
 .text.MFRC522_WriteRegister
                0x00000000080008f0       0x30 Core/Src/rc522.o
                0x00000000080008f0                MFRC522_WriteRegister
 .text.MFRC522_ReadRegister
                0x0000000008000920       0x34 Core/Src/rc522.o
                0x0000000008000920                MFRC522_ReadRegister
 .text.MFRC522_Check
                0x0000000008000954       0x32 Core/Src/rc522.o
                0x0000000008000954                MFRC522_Check
 .text.MFRC522_Compare
                0x0000000008000986       0x42 Core/Src/rc522.o
                0x0000000008000986                MFRC522_Compare
 .text.MFRC522_SetBitMask
                0x00000000080009c8       0x34 Core/Src/rc522.o
                0x00000000080009c8                MFRC522_SetBitMask
 .text.MFRC522_ClearBitMask
                0x00000000080009fc       0x3c Core/Src/rc522.o
                0x00000000080009fc                MFRC522_ClearBitMask
 .text.MFRC522_Request
                0x0000000008000a38       0x4a Core/Src/rc522.o
                0x0000000008000a38                MFRC522_Request
 .text.MFRC522_ToCard
                0x0000000008000a82      0x19e Core/Src/rc522.o
                0x0000000008000a82                MFRC522_ToCard
 .text.MFRC522_Anticoll
                0x0000000008000c20       0x7a Core/Src/rc522.o
                0x0000000008000c20                MFRC522_Anticoll
 .text.MFRC522_CalculateCRC
                0x0000000008000c9a       0x92 Core/Src/rc522.o
                0x0000000008000c9a                MFRC522_CalculateCRC
 .text.MFRC522_Init
                0x0000000008000d2c       0x48 Core/Src/rc522.o
                0x0000000008000d2c                MFRC522_Init
 .text.MFRC522_Reset
                0x0000000008000d74       0x10 Core/Src/rc522.o
                0x0000000008000d74                MFRC522_Reset
 .text.MFRC522_AntennaOn
                0x0000000008000d84       0x2a Core/Src/rc522.o
                0x0000000008000d84                MFRC522_AntennaOn
 .text.MFRC522_Halt
                0x0000000008000dae       0x36 Core/Src/rc522.o
                0x0000000008000dae                MFRC522_Halt
 .text.HAL_MspInit
                0x0000000008000de4       0x50 Core/Src/stm32f4xx_hal_msp.o
                0x0000000008000de4                HAL_MspInit
 .text.HAL_SPI_MspInit
                0x0000000008000e34       0x90 Core/Src/stm32f4xx_hal_msp.o
                0x0000000008000e34                HAL_SPI_MspInit
 .text.HAL_UART_MspInit
                0x0000000008000ec4       0x90 Core/Src/stm32f4xx_hal_msp.o
                0x0000000008000ec4                HAL_UART_MspInit
 .text.NMI_Handler
                0x0000000008000f54        0xe Core/Src/stm32f4xx_it.o
                0x0000000008000f54                NMI_Handler
 .text.HardFault_Handler
                0x0000000008000f62        0x6 Core/Src/stm32f4xx_it.o
                0x0000000008000f62                HardFault_Handler
 .text.MemManage_Handler
                0x0000000008000f68        0x6 Core/Src/stm32f4xx_it.o
                0x0000000008000f68                MemManage_Handler
 .text.BusFault_Handler
                0x0000000008000f6e        0x6 Core/Src/stm32f4xx_it.o
                0x0000000008000f6e                BusFault_Handler
 .text.UsageFault_Handler
                0x0000000008000f74        0x6 Core/Src/stm32f4xx_it.o
                0x0000000008000f74                UsageFault_Handler
 .text.SVC_Handler
                0x0000000008000f7a        0xe Core/Src/stm32f4xx_it.o
                0x0000000008000f7a                SVC_Handler
 .text.DebugMon_Handler
                0x0000000008000f88        0xe Core/Src/stm32f4xx_it.o
                0x0000000008000f88                DebugMon_Handler
 .text.PendSV_Handler
                0x0000000008000f96        0xe Core/Src/stm32f4xx_it.o
                0x0000000008000f96                PendSV_Handler
 .text.SysTick_Handler
                0x0000000008000fa4        0xc Core/Src/stm32f4xx_it.o
                0x0000000008000fa4                SysTick_Handler
 .text.SystemInit
                0x0000000008000fb0       0x2c Core/Src/system_stm32f4xx.o
                0x0000000008000fb0                SystemInit
 .text.Reset_Handler
                0x0000000008000fdc       0x50 Core/Startup/startup_stm32f407zetx.o
                0x0000000008000fdc                Reset_Handler
 .text.Default_Handler
                0x000000000800102c        0x2 Core/Startup/startup_stm32f407zetx.o
                0x000000000800102c                RTC_Alarm_IRQHandler
                0x000000000800102c                HASH_RNG_IRQHandler
                0x000000000800102c                EXTI2_IRQHandler
                0x000000000800102c                TIM8_CC_IRQHandler
                0x000000000800102c                TIM1_CC_IRQHandler
                0x000000000800102c                DMA2_Stream5_IRQHandler
                0x000000000800102c                DMA1_Stream5_IRQHandler
                0x000000000800102c                PVD_IRQHandler
                0x000000000800102c                SDIO_IRQHandler
                0x000000000800102c                TAMP_STAMP_IRQHandler
                0x000000000800102c                CAN2_RX1_IRQHandler
                0x000000000800102c                EXTI3_IRQHandler
                0x000000000800102c                TIM8_TRG_COM_TIM14_IRQHandler
                0x000000000800102c                TIM1_UP_TIM10_IRQHandler
                0x000000000800102c                TIM8_UP_TIM13_IRQHandler
                0x000000000800102c                I2C3_ER_IRQHandler
                0x000000000800102c                EXTI0_IRQHandler
                0x000000000800102c                I2C2_EV_IRQHandler
                0x000000000800102c                DMA1_Stream2_IRQHandler
                0x000000000800102c                CAN1_RX0_IRQHandler
                0x000000000800102c                FPU_IRQHandler
                0x000000000800102c                OTG_HS_WKUP_IRQHandler
                0x000000000800102c                CAN2_SCE_IRQHandler
                0x000000000800102c                DMA2_Stream2_IRQHandler
                0x000000000800102c                SPI1_IRQHandler
                0x000000000800102c                TIM6_DAC_IRQHandler
                0x000000000800102c                TIM1_BRK_TIM9_IRQHandler
                0x000000000800102c                DCMI_IRQHandler
                0x000000000800102c                CAN2_RX0_IRQHandler
                0x000000000800102c                DMA2_Stream3_IRQHandler
                0x000000000800102c                USART6_IRQHandler
                0x000000000800102c                USART3_IRQHandler
                0x000000000800102c                CAN1_RX1_IRQHandler
                0x000000000800102c                UART5_IRQHandler
                0x000000000800102c                DMA2_Stream0_IRQHandler
                0x000000000800102c                TIM4_IRQHandler
                0x000000000800102c                I2C1_EV_IRQHandler
                0x000000000800102c                DMA1_Stream6_IRQHandler
                0x000000000800102c                DMA1_Stream1_IRQHandler
                0x000000000800102c                UART4_IRQHandler
                0x000000000800102c                TIM3_IRQHandler
                0x000000000800102c                RCC_IRQHandler
                0x000000000800102c                TIM8_BRK_TIM12_IRQHandler
                0x000000000800102c                Default_Handler
                0x000000000800102c                EXTI15_10_IRQHandler
                0x000000000800102c                ADC_IRQHandler
                0x000000000800102c                DMA1_Stream7_IRQHandler
                0x000000000800102c                TIM7_IRQHandler
                0x000000000800102c                CAN2_TX_IRQHandler
                0x000000000800102c                TIM5_IRQHandler
                0x000000000800102c                DMA2_Stream7_IRQHandler
                0x000000000800102c                I2C3_EV_IRQHandler
                0x000000000800102c                EXTI9_5_IRQHandler
                0x000000000800102c                RTC_WKUP_IRQHandler
                0x000000000800102c                ETH_WKUP_IRQHandler
                0x000000000800102c                SPI2_IRQHandler
                0x000000000800102c                OTG_HS_EP1_IN_IRQHandler
                0x000000000800102c                DMA1_Stream0_IRQHandler
                0x000000000800102c                CAN1_TX_IRQHandler
                0x000000000800102c                EXTI4_IRQHandler
                0x000000000800102c                FSMC_IRQHandler
                0x000000000800102c                ETH_IRQHandler
                0x000000000800102c                OTG_HS_EP1_OUT_IRQHandler
                0x000000000800102c                WWDG_IRQHandler
                0x000000000800102c                TIM2_IRQHandler
                0x000000000800102c                OTG_FS_WKUP_IRQHandler
                0x000000000800102c                TIM1_TRG_COM_TIM11_IRQHandler
                0x000000000800102c                OTG_HS_IRQHandler
                0x000000000800102c                EXTI1_IRQHandler
                0x000000000800102c                USART2_IRQHandler
                0x000000000800102c                I2C2_ER_IRQHandler
                0x000000000800102c                DMA2_Stream1_IRQHandler
                0x000000000800102c                CAN1_SCE_IRQHandler
                0x000000000800102c                FLASH_IRQHandler
                0x000000000800102c                DMA2_Stream4_IRQHandler
                0x000000000800102c                USART1_IRQHandler
                0x000000000800102c                OTG_FS_IRQHandler
                0x000000000800102c                SPI3_IRQHandler
                0x000000000800102c                DMA1_Stream4_IRQHandler
                0x000000000800102c                I2C1_ER_IRQHandler
                0x000000000800102c                DMA2_Stream6_IRQHandler
                0x000000000800102c                DMA1_Stream3_IRQHandler
 *fill*         0x000000000800102e        0x2 
 .text.HAL_Init
                0x0000000008001030       0x44 Drivers/STM32F4xx_HAL_Driver/Src/stm32f4xx_hal.o
                0x0000000008001030                HAL_Init
 .text.HAL_InitTick
                0x0000000008001074       0x60 Drivers/STM32F4xx_HAL_Driver/Src/stm32f4xx_hal.o
                0x0000000008001074                HAL_InitTick
 .text.HAL_IncTick
                0x00000000080010d4       0x28 Drivers/STM32F4xx_HAL_Driver/Src/stm32f4xx_hal.o
                0x00000000080010d4                HAL_IncTick
 .text.HAL_GetTick
                0x00000000080010fc       0x18 Drivers/STM32F4xx_HAL_Driver/Src/stm32f4xx_hal.o
                0x00000000080010fc                HAL_GetTick
 .text.HAL_Delay
                0x0000000008001114       0x44 Drivers/STM32F4xx_HAL_Driver/Src/stm32f4xx_hal.o
                0x0000000008001114                HAL_Delay
 .text.__NVIC_SetPriorityGrouping
                0x0000000008001158       0x48 Drivers/STM32F4xx_HAL_Driver/Src/stm32f4xx_hal_cortex.o
 .text.__NVIC_GetPriorityGrouping
                0x00000000080011a0       0x1c Drivers/STM32F4xx_HAL_Driver/Src/stm32f4xx_hal_cortex.o
 .text.__NVIC_SetPriority
                0x00000000080011bc       0x54 Drivers/STM32F4xx_HAL_Driver/Src/stm32f4xx_hal_cortex.o
 .text.NVIC_EncodePriority
                0x0000000008001210       0x66 Drivers/STM32F4xx_HAL_Driver/Src/stm32f4xx_hal_cortex.o
 *fill*         0x0000000008001276        0x2 
 .text.SysTick_Config
                0x0000000008001278       0x44 Drivers/STM32F4xx_HAL_Driver/Src/stm32f4xx_hal_cortex.o
 .text.HAL_NVIC_SetPriorityGrouping
                0x00000000080012bc       0x16 Drivers/STM32F4xx_HAL_Driver/Src/stm32f4xx_hal_cortex.o
                0x00000000080012bc                HAL_NVIC_SetPriorityGrouping
 .text.HAL_NVIC_SetPriority
                0x00000000080012d2       0x38 Drivers/STM32F4xx_HAL_Driver/Src/stm32f4xx_hal_cortex.o
                0x00000000080012d2                HAL_NVIC_SetPriority
 .text.HAL_SYSTICK_Config
                0x000000000800130a       0x18 Drivers/STM32F4xx_HAL_Driver/Src/stm32f4xx_hal_cortex.o
                0x000000000800130a                HAL_SYSTICK_Config
 *fill*         0x0000000008001322        0x2 
 .text.HAL_GPIO_Init
                0x0000000008001324      0x334 Drivers/STM32F4xx_HAL_Driver/Src/stm32f4xx_hal_gpio.o
                0x0000000008001324                HAL_GPIO_Init
 .text.HAL_GPIO_WritePin
                0x0000000008001658       0x32 Drivers/STM32F4xx_HAL_Driver/Src/stm32f4xx_hal_gpio.o
                0x0000000008001658                HAL_GPIO_WritePin
 .text.HAL_GPIO_TogglePin
                0x000000000800168a       0x36 Drivers/STM32F4xx_HAL_Driver/Src/stm32f4xx_hal_gpio.o
                0x000000000800168a                HAL_GPIO_TogglePin
 .text.HAL_RCC_OscConfig
                0x00000000080016c0      0x4e0 Drivers/STM32F4xx_HAL_Driver/Src/stm32f4xx_hal_rcc.o
                0x00000000080016c0                HAL_RCC_OscConfig
 .text.HAL_RCC_ClockConfig
                0x0000000008001ba0      0x1cc Drivers/STM32F4xx_HAL_Driver/Src/stm32f4xx_hal_rcc.o
                0x0000000008001ba0                HAL_RCC_ClockConfig
 .text.HAL_RCC_GetSysClockFreq
                0x0000000008001d6c      0x1b0 Drivers/STM32F4xx_HAL_Driver/Src/stm32f4xx_hal_rcc.o
                0x0000000008001d6c                HAL_RCC_GetSysClockFreq
 .text.HAL_RCC_GetHCLKFreq
                0x0000000008001f1c       0x18 Drivers/STM32F4xx_HAL_Driver/Src/stm32f4xx_hal_rcc.o
                0x0000000008001f1c                HAL_RCC_GetHCLKFreq
 .text.HAL_RCC_GetPCLK1Freq
                0x0000000008001f34       0x28 Drivers/STM32F4xx_HAL_Driver/Src/stm32f4xx_hal_rcc.o
                0x0000000008001f34                HAL_RCC_GetPCLK1Freq
 .text.HAL_RCC_GetPCLK2Freq
                0x0000000008001f5c       0x28 Drivers/STM32F4xx_HAL_Driver/Src/stm32f4xx_hal_rcc.o
                0x0000000008001f5c                HAL_RCC_GetPCLK2Freq
 .text.HAL_SPI_Init
                0x0000000008001f84       0xc8 Drivers/STM32F4xx_HAL_Driver/Src/stm32f4xx_hal_spi.o
                0x0000000008001f84                HAL_SPI_Init
 .text.HAL_SPI_TransmitReceive
                0x000000000800204c      0x344 Drivers/STM32F4xx_HAL_Driver/Src/stm32f4xx_hal_spi.o
                0x000000000800204c                HAL_SPI_TransmitReceive
 .text.SPI_WaitFlagStateUntilTimeout
                0x0000000008002390       0xd4 Drivers/STM32F4xx_HAL_Driver/Src/stm32f4xx_hal_spi.o
 .text.SPI_EndRxTxTransaction
                0x0000000008002464       0x84 Drivers/STM32F4xx_HAL_Driver/Src/stm32f4xx_hal_spi.o
 .text.HAL_UART_Init
                0x00000000080024e8       0x9a Drivers/STM32F4xx_HAL_Driver/Src/stm32f4xx_hal_uart.o
                0x00000000080024e8                HAL_UART_Init
 *fill*         0x0000000008002582        0x2 
 .text.UART_SetConfig
                0x0000000008002584      0x6f8 Drivers/STM32F4xx_HAL_Driver/Src/stm32f4xx_hal_uart.o
 .text.__libc_init_array
                0x0000000008002c7c       0x48 c:/st/stm32cubeide_1.3.0/stm32cubeide/plugins/com.st.stm32cube.ide.mcu.externaltools.gnu-tools-for-stm32.7-2018-q2-update.win32_1.0.0.201904181610/tools/bin/../lib/gcc/arm-none-eabi/7.3.1/../../../../arm-none-eabi/lib/thumb/v7e-m/fpv4-sp/hard\libc_nano.a(lib_a-init.o)
                0x0000000008002c7c                __libc_init_array
 .text.memset   0x0000000008002cc4       0x10 c:/st/stm32cubeide_1.3.0/stm32cubeide/plugins/com.st.stm32cube.ide.mcu.externaltools.gnu-tools-for-stm32.7-2018-q2-update.win32_1.0.0.201904181610/tools/bin/../lib/gcc/arm-none-eabi/7.3.1/../../../../arm-none-eabi/lib/thumb/v7e-m/fpv4-sp/hard\libc_nano.a(lib_a-memset.o)
                0x0000000008002cc4                memset
 *(.glue_7)
 .glue_7        0x0000000008002cd4        0x0 linker stubs
 *(.glue_7t)
 .glue_7t       0x0000000008002cd4        0x0 linker stubs
 *(.eh_frame)
 .eh_frame      0x0000000008002cd4        0x0 c:/st/stm32cubeide_1.3.0/stm32cubeide/plugins/com.st.stm32cube.ide.mcu.externaltools.gnu-tools-for-stm32.7-2018-q2-update.win32_1.0.0.201904181610/tools/bin/../lib/gcc/arm-none-eabi/7.3.1/thumb/v7e-m/fpv4-sp/hard/crtbegin.o
 *(.init)
 .init          0x0000000008002cd4        0x4 c:/st/stm32cubeide_1.3.0/stm32cubeide/plugins/com.st.stm32cube.ide.mcu.externaltools.gnu-tools-for-stm32.7-2018-q2-update.win32_1.0.0.201904181610/tools/bin/../lib/gcc/arm-none-eabi/7.3.1/thumb/v7e-m/fpv4-sp/hard/crti.o
                0x0000000008002cd4                _init
 .init          0x0000000008002cd8        0x8 c:/st/stm32cubeide_1.3.0/stm32cubeide/plugins/com.st.stm32cube.ide.mcu.externaltools.gnu-tools-for-stm32.7-2018-q2-update.win32_1.0.0.201904181610/tools/bin/../lib/gcc/arm-none-eabi/7.3.1/thumb/v7e-m/fpv4-sp/hard/crtn.o
 *(.fini)
 .fini          0x0000000008002ce0        0x4 c:/st/stm32cubeide_1.3.0/stm32cubeide/plugins/com.st.stm32cube.ide.mcu.externaltools.gnu-tools-for-stm32.7-2018-q2-update.win32_1.0.0.201904181610/tools/bin/../lib/gcc/arm-none-eabi/7.3.1/thumb/v7e-m/fpv4-sp/hard/crti.o
                0x0000000008002ce0                _fini
 .fini          0x0000000008002ce4        0x8 c:/st/stm32cubeide_1.3.0/stm32cubeide/plugins/com.st.stm32cube.ide.mcu.externaltools.gnu-tools-for-stm32.7-2018-q2-update.win32_1.0.0.201904181610/tools/bin/../lib/gcc/arm-none-eabi/7.3.1/thumb/v7e-m/fpv4-sp/hard/crtn.o
                0x0000000008002cec                . = ALIGN (0x4)
                0x0000000008002cec                _etext = .

.vfp11_veneer   0x0000000008002cec        0x0
 .vfp11_veneer  0x0000000008002cec        0x0 linker stubs

.v4_bx          0x0000000008002cec        0x0
 .v4_bx         0x0000000008002cec        0x0 linker stubs

.iplt           0x0000000008002cec        0x0
 .iplt          0x0000000008002cec        0x0 c:/st/stm32cubeide_1.3.0/stm32cubeide/plugins/com.st.stm32cube.ide.mcu.externaltools.gnu-tools-for-stm32.7-2018-q2-update.win32_1.0.0.201904181610/tools/bin/../lib/gcc/arm-none-eabi/7.3.1/thumb/v7e-m/fpv4-sp/hard/crtbegin.o

.rodata         0x0000000008002cec       0x18
                0x0000000008002cec                . = ALIGN (0x4)
 *(.rodata)
 *(.rodata*)
 .rodata.AHBPrescTable
                0x0000000008002cec       0x10 Core/Src/system_stm32f4xx.o
                0x0000000008002cec                AHBPrescTable
 .rodata.APBPrescTable
                0x0000000008002cfc        0x8 Core/Src/system_stm32f4xx.o
                0x0000000008002cfc                APBPrescTable
                0x0000000008002d04                . = ALIGN (0x4)

.ARM.extab      0x0000000008002d04        0x0
                0x0000000008002d04                . = ALIGN (0x4)
 *(.ARM.extab* .gnu.linkonce.armextab.*)
                0x0000000008002d04                . = ALIGN (0x4)

.ARM            0x0000000008002d04        0x8
                0x0000000008002d04                . = ALIGN (0x4)
                0x0000000008002d04                __exidx_start = .
 *(.ARM.exidx*)
 .ARM.exidx     0x0000000008002d04        0x8 c:/st/stm32cubeide_1.3.0/stm32cubeide/plugins/com.st.stm32cube.ide.mcu.externaltools.gnu-tools-for-stm32.7-2018-q2-update.win32_1.0.0.201904181610/tools/bin/../lib/gcc/arm-none-eabi/7.3.1/thumb/v7e-m/fpv4-sp/hard\libgcc.a(_udivmoddi4.o)
                0x0000000008002d0c                __exidx_end = .
                0x0000000008002d0c                . = ALIGN (0x4)

.rel.dyn        0x0000000008002d0c        0x0
 .rel.iplt      0x0000000008002d0c        0x0 c:/st/stm32cubeide_1.3.0/stm32cubeide/plugins/com.st.stm32cube.ide.mcu.externaltools.gnu-tools-for-stm32.7-2018-q2-update.win32_1.0.0.201904181610/tools/bin/../lib/gcc/arm-none-eabi/7.3.1/thumb/v7e-m/fpv4-sp/hard/crtbegin.o

.preinit_array  0x0000000008002d0c        0x0
                0x0000000008002d0c                . = ALIGN (0x4)
                0x0000000008002d0c                PROVIDE (__preinit_array_start = .)
 *(.preinit_array*)
                0x0000000008002d0c                PROVIDE (__preinit_array_end = .)
                0x0000000008002d0c                . = ALIGN (0x4)

.init_array     0x0000000008002d0c        0x4
                0x0000000008002d0c                . = ALIGN (0x4)
                0x0000000008002d0c                PROVIDE (__init_array_start = .)
 *(SORT_BY_NAME(.init_array.*))
 *(.init_array*)
 .init_array    0x0000000008002d0c        0x4 c:/st/stm32cubeide_1.3.0/stm32cubeide/plugins/com.st.stm32cube.ide.mcu.externaltools.gnu-tools-for-stm32.7-2018-q2-update.win32_1.0.0.201904181610/tools/bin/../lib/gcc/arm-none-eabi/7.3.1/thumb/v7e-m/fpv4-sp/hard/crtbegin.o
                0x0000000008002d10                PROVIDE (__init_array_end = .)
                0x0000000008002d10                . = ALIGN (0x4)

.fini_array     0x0000000008002d10        0x4
                0x0000000008002d10                . = ALIGN (0x4)
                [!provide]                        PROVIDE (__fini_array_start = .)
 *(SORT_BY_NAME(.fini_array.*))
 *(.fini_array*)
 .fini_array    0x0000000008002d10        0x4 c:/st/stm32cubeide_1.3.0/stm32cubeide/plugins/com.st.stm32cube.ide.mcu.externaltools.gnu-tools-for-stm32.7-2018-q2-update.win32_1.0.0.201904181610/tools/bin/../lib/gcc/arm-none-eabi/7.3.1/thumb/v7e-m/fpv4-sp/hard/crtbegin.o
                [!provide]                        PROVIDE (__fini_array_end = .)
                0x0000000008002d14                . = ALIGN (0x4)
                0x0000000008002d14                _sidata = LOADADDR (.data)

.data           0x0000000020000000       0x14 load address 0x0000000008002d14
                0x0000000020000000                . = ALIGN (0x4)
                0x0000000020000000                _sdata = .
 *(.data)
 *(.data*)
 .data.MyID     0x0000000020000000        0x5 Core/Src/main.o
                0x0000000020000000                MyID
 *fill*         0x0000000020000005        0x3 
 .data.SystemCoreClock
                0x0000000020000008        0x4 Core/Src/system_stm32f4xx.o
                0x0000000020000008                SystemCoreClock
 .data.uwTickPrio
                0x000000002000000c        0x4 Drivers/STM32F4xx_HAL_Driver/Src/stm32f4xx_hal.o
                0x000000002000000c                uwTickPrio
 .data.uwTickFreq
                0x0000000020000010        0x1 Drivers/STM32F4xx_HAL_Driver/Src/stm32f4xx_hal.o
                0x0000000020000010                uwTickFreq
                0x0000000020000014                . = ALIGN (0x4)
 *fill*         0x0000000020000011        0x3 
                0x0000000020000014                _edata = .

.igot.plt       0x0000000020000014        0x0 load address 0x0000000008002d28
 .igot.plt      0x0000000020000014        0x0 c:/st/stm32cubeide_1.3.0/stm32cubeide/plugins/com.st.stm32cube.ide.mcu.externaltools.gnu-tools-for-stm32.7-2018-q2-update.win32_1.0.0.201904181610/tools/bin/../lib/gcc/arm-none-eabi/7.3.1/thumb/v7e-m/fpv4-sp/hard/crtbegin.o
                0x0000000020000014                . = ALIGN (0x4)

.bss            0x0000000020000014      0x100 load address 0x0000000008002d28
                0x0000000020000014                _sbss = .
                0x0000000020000014                __bss_start__ = _sbss
 *(.bss)
 .bss           0x0000000020000014       0x1c c:/st/stm32cubeide_1.3.0/stm32cubeide/plugins/com.st.stm32cube.ide.mcu.externaltools.gnu-tools-for-stm32.7-2018-q2-update.win32_1.0.0.201904181610/tools/bin/../lib/gcc/arm-none-eabi/7.3.1/thumb/v7e-m/fpv4-sp/hard/crtbegin.o
 *(.bss*)
 .bss.number    0x0000000020000030        0x4 Core/Src/main.o
                0x0000000020000030                number
 *(COMMON)
 COMMON         0x0000000020000034       0xdc Core/Src/main.o
                0x0000000020000034                can_data
                0x000000002000003c                tick
                0x0000000020000040                hspi1
                0x0000000020000098                huart2
                0x00000000200000d8                CardID
                0x000000002000010c                st
 COMMON         0x0000000020000110        0x4 Drivers/STM32F4xx_HAL_Driver/Src/stm32f4xx_hal.o
                0x0000000020000110                uwTick
                0x0000000020000114                . = ALIGN (0x4)
                0x0000000020000114                _ebss = .
                0x0000000020000114                __bss_end__ = _ebss

._user_heap_stack
                0x0000000020000114      0x604 load address 0x0000000008002d28
                0x0000000020000118                . = ALIGN (0x8)
 *fill*         0x0000000020000114        0x4 
                0x0000000020000118                PROVIDE (end = .)
                [!provide]                        PROVIDE (_end = .)
                0x0000000020000318                . = (. + _Min_Heap_Size)
 *fill*         0x0000000020000118      0x200 
                0x0000000020000718                . = (. + _Min_Stack_Size)
 *fill*         0x0000000020000318      0x400 
                0x0000000020000718                . = ALIGN (0x8)

/DISCARD/
 libc.a(*)
 libm.a(*)
 libgcc.a(*)

.ARM.attributes
                0x0000000000000000       0x30
 *(.ARM.attributes)
 .ARM.attributes
                0x0000000000000000       0x22 c:/st/stm32cubeide_1.3.0/stm32cubeide/plugins/com.st.stm32cube.ide.mcu.externaltools.gnu-tools-for-stm32.7-2018-q2-update.win32_1.0.0.201904181610/tools/bin/../lib/gcc/arm-none-eabi/7.3.1/thumb/v7e-m/fpv4-sp/hard/crti.o
 .ARM.attributes
                0x0000000000000022       0x34 c:/st/stm32cubeide_1.3.0/stm32cubeide/plugins/com.st.stm32cube.ide.mcu.externaltools.gnu-tools-for-stm32.7-2018-q2-update.win32_1.0.0.201904181610/tools/bin/../lib/gcc/arm-none-eabi/7.3.1/thumb/v7e-m/fpv4-sp/hard/crtbegin.o
 .ARM.attributes
                0x0000000000000056       0x39 Core/Src/main.o
 .ARM.attributes
                0x000000000000008f       0x39 Core/Src/rc522.o
 .ARM.attributes
                0x00000000000000c8       0x39 Core/Src/stm32f4xx_hal_msp.o
 .ARM.attributes
                0x0000000000000101       0x39 Core/Src/stm32f4xx_it.o
 .ARM.attributes
                0x000000000000013a       0x39 Core/Src/system_stm32f4xx.o
 .ARM.attributes
                0x0000000000000173       0x21 Core/Startup/startup_stm32f407zetx.o
 .ARM.attributes
                0x0000000000000194       0x39 Drivers/STM32F4xx_HAL_Driver/Src/stm32f4xx_hal.o
 .ARM.attributes
                0x00000000000001cd       0x39 Drivers/STM32F4xx_HAL_Driver/Src/stm32f4xx_hal_cortex.o
 .ARM.attributes
                0x0000000000000206       0x39 Drivers/STM32F4xx_HAL_Driver/Src/stm32f4xx_hal_gpio.o
 .ARM.attributes
                0x000000000000023f       0x39 Drivers/STM32F4xx_HAL_Driver/Src/stm32f4xx_hal_rcc.o
 .ARM.attributes
                0x0000000000000278       0x39 Drivers/STM32F4xx_HAL_Driver/Src/stm32f4xx_hal_spi.o
 .ARM.attributes
                0x00000000000002b1       0x39 Drivers/STM32F4xx_HAL_Driver/Src/stm32f4xx_hal_uart.o
 .ARM.attributes
                0x00000000000002ea       0x34 c:/st/stm32cubeide_1.3.0/stm32cubeide/plugins/com.st.stm32cube.ide.mcu.externaltools.gnu-tools-for-stm32.7-2018-q2-update.win32_1.0.0.201904181610/tools/bin/../lib/gcc/arm-none-eabi/7.3.1/../../../../arm-none-eabi/lib/thumb/v7e-m/fpv4-sp/hard\libc_nano.a(lib_a-init.o)
 .ARM.attributes
                0x000000000000031e       0x34 c:/st/stm32cubeide_1.3.0/stm32cubeide/plugins/com.st.stm32cube.ide.mcu.externaltools.gnu-tools-for-stm32.7-2018-q2-update.win32_1.0.0.201904181610/tools/bin/../lib/gcc/arm-none-eabi/7.3.1/../../../../arm-none-eabi/lib/thumb/v7e-m/fpv4-sp/hard\libc_nano.a(lib_a-memset.o)
 .ARM.attributes
                0x0000000000000352       0x22 c:/st/stm32cubeide_1.3.0/stm32cubeide/plugins/com.st.stm32cube.ide.mcu.externaltools.gnu-tools-for-stm32.7-2018-q2-update.win32_1.0.0.201904181610/tools/bin/../lib/gcc/arm-none-eabi/7.3.1/thumb/v7e-m/fpv4-sp/hard\libgcc.a(_aeabi_uldivmod.o)
 .ARM.attributes
                0x0000000000000374       0x34 c:/st/stm32cubeide_1.3.0/stm32cubeide/plugins/com.st.stm32cube.ide.mcu.externaltools.gnu-tools-for-stm32.7-2018-q2-update.win32_1.0.0.201904181610/tools/bin/../lib/gcc/arm-none-eabi/7.3.1/thumb/v7e-m/fpv4-sp/hard\libgcc.a(_udivmoddi4.o)
 .ARM.attributes
                0x00000000000003a8       0x22 c:/st/stm32cubeide_1.3.0/stm32cubeide/plugins/com.st.stm32cube.ide.mcu.externaltools.gnu-tools-for-stm32.7-2018-q2-update.win32_1.0.0.201904181610/tools/bin/../lib/gcc/arm-none-eabi/7.3.1/thumb/v7e-m/fpv4-sp/hard\libgcc.a(_dvmd_tls.o)
 .ARM.attributes
                0x00000000000003ca       0x22 c:/st/stm32cubeide_1.3.0/stm32cubeide/plugins/com.st.stm32cube.ide.mcu.externaltools.gnu-tools-for-stm32.7-2018-q2-update.win32_1.0.0.201904181610/tools/bin/../lib/gcc/arm-none-eabi/7.3.1/thumb/v7e-m/fpv4-sp/hard/crtn.o
OUTPUT(STM32F407ZE_RFID.elf elf32-littlearm)

.debug_info     0x0000000000000000     0x8844
 .debug_info    0x0000000000000000     0x169c Core/Src/main.o
 .debug_info    0x000000000000169c      0xd53 Core/Src/rc522.o
 .debug_info    0x00000000000023ef      0xc29 Core/Src/stm32f4xx_hal_msp.o
 .debug_info    0x0000000000003018      0x20a Core/Src/stm32f4xx_it.o
 .debug_info    0x0000000000003222      0x554 Core/Src/system_stm32f4xx.o
 .debug_info    0x0000000000003776       0x22 Core/Startup/startup_stm32f407zetx.o
 .debug_info    0x0000000000003798      0x945 Drivers/STM32F4xx_HAL_Driver/Src/stm32f4xx_hal.o
 .debug_info    0x00000000000040dd      0xe28 Drivers/STM32F4xx_HAL_Driver/Src/stm32f4xx_hal_cortex.o
 .debug_info    0x0000000000004f05      0x7b5 Drivers/STM32F4xx_HAL_Driver/Src/stm32f4xx_hal_gpio.o
 .debug_info    0x00000000000056ba      0x904 Drivers/STM32F4xx_HAL_Driver/Src/stm32f4xx_hal_rcc.o
 .debug_info    0x0000000000005fbe     0x163a Drivers/STM32F4xx_HAL_Driver/Src/stm32f4xx_hal_spi.o
 .debug_info    0x00000000000075f8     0x124c Drivers/STM32F4xx_HAL_Driver/Src/stm32f4xx_hal_uart.o

.debug_abbrev   0x0000000000000000     0x157f
 .debug_abbrev  0x0000000000000000      0x267 Core/Src/main.o
 .debug_abbrev  0x0000000000000267      0x238 Core/Src/rc522.o
 .debug_abbrev  0x000000000000049f      0x18c Core/Src/stm32f4xx_hal_msp.o
 .debug_abbrev  0x000000000000062b       0xc6 Core/Src/stm32f4xx_it.o
 .debug_abbrev  0x00000000000006f1      0x12b Core/Src/system_stm32f4xx.o
 .debug_abbrev  0x000000000000081c       0x12 Core/Startup/startup_stm32f407zetx.o
 .debug_abbrev  0x000000000000082e      0x1c7 Drivers/STM32F4xx_HAL_Driver/Src/stm32f4xx_hal.o
 .debug_abbrev  0x00000000000009f5      0x2fa Drivers/STM32F4xx_HAL_Driver/Src/stm32f4xx_hal_cortex.o
 .debug_abbrev  0x0000000000000cef      0x1c9 Drivers/STM32F4xx_HAL_Driver/Src/stm32f4xx_hal_gpio.o
 .debug_abbrev  0x0000000000000eb8      0x245 Drivers/STM32F4xx_HAL_Driver/Src/stm32f4xx_hal_rcc.o
 .debug_abbrev  0x00000000000010fd      0x240 Drivers/STM32F4xx_HAL_Driver/Src/stm32f4xx_hal_spi.o
 .debug_abbrev  0x000000000000133d      0x242 Drivers/STM32F4xx_HAL_Driver/Src/stm32f4xx_hal_uart.o

.debug_aranges  0x0000000000000000      0x888
 .debug_aranges
                0x0000000000000000       0x48 Core/Src/main.o
 .debug_aranges
                0x0000000000000048       0xc8 Core/Src/rc522.o
 .debug_aranges
                0x0000000000000110       0x40 Core/Src/stm32f4xx_hal_msp.o
 .debug_aranges
                0x0000000000000150       0x60 Core/Src/stm32f4xx_it.o
 .debug_aranges
                0x00000000000001b0       0x28 Core/Src/system_stm32f4xx.o
 .debug_aranges
                0x00000000000001d8       0x28 Core/Startup/startup_stm32f407zetx.o
 .debug_aranges
                0x0000000000000200       0xf0 Drivers/STM32F4xx_HAL_Driver/Src/stm32f4xx_hal.o
 .debug_aranges
                0x00000000000002f0      0x118 Drivers/STM32F4xx_HAL_Driver/Src/stm32f4xx_hal_cortex.o
 .debug_aranges
                0x0000000000000408       0x58 Drivers/STM32F4xx_HAL_Driver/Src/stm32f4xx_hal_gpio.o
 .debug_aranges
                0x0000000000000460       0x88 Drivers/STM32F4xx_HAL_Driver/Src/stm32f4xx_hal_rcc.o
 .debug_aranges
                0x00000000000004e8      0x1d0 Drivers/STM32F4xx_HAL_Driver/Src/stm32f4xx_hal_spi.o
 .debug_aranges
                0x00000000000006b8      0x1d0 Drivers/STM32F4xx_HAL_Driver/Src/stm32f4xx_hal_uart.o

.debug_ranges   0x0000000000000000      0x7d0
 .debug_ranges  0x0000000000000000       0x38 Core/Src/main.o
 .debug_ranges  0x0000000000000038       0xb8 Core/Src/rc522.o
 .debug_ranges  0x00000000000000f0       0x30 Core/Src/stm32f4xx_hal_msp.o
 .debug_ranges  0x0000000000000120       0x50 Core/Src/stm32f4xx_it.o
 .debug_ranges  0x0000000000000170       0x18 Core/Src/system_stm32f4xx.o
 .debug_ranges  0x0000000000000188       0x20 Core/Startup/startup_stm32f407zetx.o
 .debug_ranges  0x00000000000001a8       0xe0 Drivers/STM32F4xx_HAL_Driver/Src/stm32f4xx_hal.o
 .debug_ranges  0x0000000000000288      0x108 Drivers/STM32F4xx_HAL_Driver/Src/stm32f4xx_hal_cortex.o
 .debug_ranges  0x0000000000000390       0x48 Drivers/STM32F4xx_HAL_Driver/Src/stm32f4xx_hal_gpio.o
 .debug_ranges  0x00000000000003d8       0x78 Drivers/STM32F4xx_HAL_Driver/Src/stm32f4xx_hal_rcc.o
 .debug_ranges  0x0000000000000450      0x1c0 Drivers/STM32F4xx_HAL_Driver/Src/stm32f4xx_hal_spi.o
 .debug_ranges  0x0000000000000610      0x1c0 Drivers/STM32F4xx_HAL_Driver/Src/stm32f4xx_hal_uart.o

.debug_macro    0x0000000000000000    0x20420
 .debug_macro   0x0000000000000000      0x332 Core/Src/main.o
 .debug_macro   0x0000000000000332      0xa5a Core/Src/main.o
 .debug_macro   0x0000000000000d8c      0x18a Core/Src/main.o
 .debug_macro   0x0000000000000f16       0x2e Core/Src/main.o
 .debug_macro   0x0000000000000f44       0x2f Core/Src/main.o
 .debug_macro   0x0000000000000f73       0x22 Core/Src/main.o
 .debug_macro   0x0000000000000f95       0x8e Core/Src/main.o
 .debug_macro   0x0000000000001023       0x51 Core/Src/main.o
 .debug_macro   0x0000000000001074       0xef Core/Src/main.o
 .debug_macro   0x0000000000001163       0x6a Core/Src/main.o
 .debug_macro   0x00000000000011cd      0x1df Core/Src/main.o
 .debug_macro   0x00000000000013ac       0x1c Core/Src/main.o
 .debug_macro   0x00000000000013c8       0x22 Core/Src/main.o
 .debug_macro   0x00000000000013ea       0xdf Core/Src/main.o
 .debug_macro   0x00000000000014c9     0x102d Core/Src/main.o
 .debug_macro   0x00000000000024f6      0x11f Core/Src/main.o
 .debug_macro   0x0000000000002615    0x15e3c Core/Src/main.o
 .debug_macro   0x0000000000018451       0x43 Core/Src/main.o
 .debug_macro   0x0000000000018494     0x3659 Core/Src/main.o
 .debug_macro   0x000000000001baed      0x174 Core/Src/main.o
 .debug_macro   0x000000000001bc61       0x5a Core/Src/main.o
 .debug_macro   0x000000000001bcbb      0x96b Core/Src/main.o
 .debug_macro   0x000000000001c626      0x9fe Core/Src/main.o
 .debug_macro   0x000000000001d024      0x174 Core/Src/main.o
 .debug_macro   0x000000000001d198      0x117 Core/Src/main.o
 .debug_macro   0x000000000001d2af      0x13e Core/Src/main.o
 .debug_macro   0x000000000001d3ed       0x27 Core/Src/main.o
 .debug_macro   0x000000000001d414      0x287 Core/Src/main.o
 .debug_macro   0x000000000001d69b       0x5f Core/Src/main.o
 .debug_macro   0x000000000001d6fa      0x236 Core/Src/main.o
 .debug_macro   0x000000000001d930      0x12c Core/Src/main.o
 .debug_macro   0x000000000001da5c      0x21e Core/Src/main.o
 .debug_macro   0x000000000001dc7a       0x2e Core/Src/main.o
 .debug_macro   0x000000000001dca8      0x11a Core/Src/main.o
 .debug_macro   0x000000000001ddc2       0x7e Core/Src/main.o
 .debug_macro   0x000000000001de40       0x89 Core/Src/main.o
 .debug_macro   0x000000000001dec9      0x225 Core/Src/main.o
 .debug_macro   0x000000000001e0ee      0x287 Core/Src/main.o
 .debug_macro   0x000000000001e375      0x12d Core/Src/main.o
 .debug_macro   0x000000000001e4a2       0x4c Core/Src/main.o
 .debug_macro   0x000000000001e4ee      0x226 Core/Src/main.o
 .debug_macro   0x000000000001e714       0x46 Core/Src/main.o
 .debug_macro   0x000000000001e75a       0x18 Core/Src/main.o
 .debug_macro   0x000000000001e772       0x3c Core/Src/main.o
 .debug_macro   0x000000000001e7ae       0x34 Core/Src/main.o
 .debug_macro   0x000000000001e7e2       0x16 Core/Src/main.o
 .debug_macro   0x000000000001e7f8       0x35 Core/Src/main.o
 .debug_macro   0x000000000001e82d      0x32a Core/Src/main.o
 .debug_macro   0x000000000001eb57       0x10 Core/Src/main.o
 .debug_macro   0x000000000001eb67       0x52 Core/Src/main.o
 .debug_macro   0x000000000001ebb9       0x1f Core/Src/main.o
 .debug_macro   0x000000000001ebd8       0x43 Core/Src/main.o
 .debug_macro   0x000000000001ec1b       0x20 Core/Src/main.o
 .debug_macro   0x000000000001ec3b      0x1a3 Core/Src/main.o
 .debug_macro   0x000000000001edde       0x10 Core/Src/main.o
 .debug_macro   0x000000000001edee       0x1c Core/Src/main.o
 .debug_macro   0x000000000001ee0a       0x52 Core/Src/main.o
 .debug_macro   0x000000000001ee5c       0x40 Core/Src/main.o
 .debug_macro   0x000000000001ee9c       0x10 Core/Src/main.o
 .debug_macro   0x000000000001eeac       0x40 Core/Src/main.o
 .debug_macro   0x000000000001eeec       0xd7 Core/Src/main.o
 .debug_macro   0x000000000001efc3       0x1c Core/Src/main.o
 .debug_macro   0x000000000001efdf       0x3d Core/Src/main.o
 .debug_macro   0x000000000001f01c       0x16 Core/Src/main.o
 .debug_macro   0x000000000001f032      0x145 Core/Src/main.o
 .debug_macro   0x000000000001f177      0x1cd Core/Src/rc522.o
 .debug_macro   0x000000000001f344      0x1d3 Core/Src/stm32f4xx_hal_msp.o
 .debug_macro   0x000000000001f517      0x1dd Core/Src/stm32f4xx_it.o
 .debug_macro   0x000000000001f6f4      0x1ca Core/Src/system_stm32f4xx.o
 .debug_macro   0x000000000001f8be      0x224 Drivers/STM32F4xx_HAL_Driver/Src/stm32f4xx_hal.o
 .debug_macro   0x000000000001fae2      0x1c4 Drivers/STM32F4xx_HAL_Driver/Src/stm32f4xx_hal_cortex.o
 .debug_macro   0x000000000001fca6      0x1fa Drivers/STM32F4xx_HAL_Driver/Src/stm32f4xx_hal_gpio.o
 .debug_macro   0x000000000001fea0      0x1e8 Drivers/STM32F4xx_HAL_Driver/Src/stm32f4xx_hal_rcc.o
 .debug_macro   0x0000000000020088      0x1d3 Drivers/STM32F4xx_HAL_Driver/Src/stm32f4xx_hal_spi.o
 .debug_macro   0x000000000002025b      0x1c5 Drivers/STM32F4xx_HAL_Driver/Src/stm32f4xx_hal_uart.o

.debug_line     0x0000000000000000     0x6cbf
 .debug_line    0x0000000000000000      0x93e Core/Src/main.o
 .debug_line    0x000000000000093e      0x9bd Core/Src/rc522.o
 .debug_line    0x00000000000012fb      0x705 Core/Src/stm32f4xx_hal_msp.o
 .debug_line    0x0000000000001a00      0x74b Core/Src/stm32f4xx_it.o
 .debug_line    0x000000000000214b      0x6c2 Core/Src/system_stm32f4xx.o
 .debug_line    0x000000000000280d       0x85 Core/Startup/startup_stm32f407zetx.o
 .debug_line    0x0000000000002892      0x8ac Drivers/STM32F4xx_HAL_Driver/Src/stm32f4xx_hal.o
 .debug_line    0x000000000000313e      0x9d0 Drivers/STM32F4xx_HAL_Driver/Src/stm32f4xx_hal_cortex.o
 .debug_line    0x0000000000003b0e      0x88b Drivers/STM32F4xx_HAL_Driver/Src/stm32f4xx_hal_gpio.o
 .debug_line    0x0000000000004399      0x904 Drivers/STM32F4xx_HAL_Driver/Src/stm32f4xx_hal_rcc.o
 .debug_line    0x0000000000004c9d     0x1068 Drivers/STM32F4xx_HAL_Driver/Src/stm32f4xx_hal_spi.o
 .debug_line    0x0000000000005d05      0xfba Drivers/STM32F4xx_HAL_Driver/Src/stm32f4xx_hal_uart.o

.debug_str      0x0000000000000000    0xc3f29
 .debug_str     0x0000000000000000    0xc1da8 Core/Src/main.o
                                      0xc2111 (size before relaxing)
 .debug_str     0x00000000000c1da8      0x284 Core/Src/rc522.o
                                      0xbdd4b (size before relaxing)
 .debug_str     0x00000000000c202c       0x7d Core/Src/stm32f4xx_hal_msp.o
                                      0xbd5e1 (size before relaxing)
 .debug_str     0x00000000000c20a9       0xbd Core/Src/stm32f4xx_it.o
                                      0xbcf1c (size before relaxing)
 .debug_str     0x00000000000c2166       0xc4 Core/Src/system_stm32f4xx.o
                                      0xbceec (size before relaxing)
 .debug_str     0x00000000000c222a       0x36 Core/Startup/startup_stm32f407zetx.o
                                         0x78 (size before relaxing)
 .debug_str     0x00000000000c2260      0xa5e Drivers/STM32F4xx_HAL_Driver/Src/stm32f4xx_hal.o
                                      0xbd9b9 (size before relaxing)
 .debug_str     0x00000000000c2cbe      0x399 Drivers/STM32F4xx_HAL_Driver/Src/stm32f4xx_hal_cortex.o
                                      0xbd7a8 (size before relaxing)
 .debug_str     0x00000000000c3057      0x207 Drivers/STM32F4xx_HAL_Driver/Src/stm32f4xx_hal_gpio.o
                                      0xbd12b (size before relaxing)
 .debug_str     0x00000000000c325e      0x259 Drivers/STM32F4xx_HAL_Driver/Src/stm32f4xx_hal_rcc.o
                                      0xbd2d9 (size before relaxing)
 .debug_str     0x00000000000c34b7      0x565 Drivers/STM32F4xx_HAL_Driver/Src/stm32f4xx_hal_spi.o
                                      0xbd75a (size before relaxing)
 .debug_str     0x00000000000c3a1c      0x50d Drivers/STM32F4xx_HAL_Driver/Src/stm32f4xx_hal_uart.o
                                      0xbd738 (size before relaxing)

.comment        0x0000000000000000       0x7b
 .comment       0x0000000000000000       0x7b Core/Src/main.o
                                         0x7c (size before relaxing)
 .comment       0x000000000000007b       0x7c Core/Src/rc522.o
 .comment       0x000000000000007b       0x7c Core/Src/stm32f4xx_hal_msp.o
 .comment       0x000000000000007b       0x7c Core/Src/stm32f4xx_it.o
 .comment       0x000000000000007b       0x7c Core/Src/system_stm32f4xx.o
 .comment       0x000000000000007b       0x7c Drivers/STM32F4xx_HAL_Driver/Src/stm32f4xx_hal.o
 .comment       0x000000000000007b       0x7c Drivers/STM32F4xx_HAL_Driver/Src/stm32f4xx_hal_cortex.o
 .comment       0x000000000000007b       0x7c Drivers/STM32F4xx_HAL_Driver/Src/stm32f4xx_hal_gpio.o
 .comment       0x000000000000007b       0x7c Drivers/STM32F4xx_HAL_Driver/Src/stm32f4xx_hal_rcc.o
 .comment       0x000000000000007b       0x7c Drivers/STM32F4xx_HAL_Driver/Src/stm32f4xx_hal_spi.o
 .comment       0x000000000000007b       0x7c Drivers/STM32F4xx_HAL_Driver/Src/stm32f4xx_hal_uart.o

.debug_frame    0x0000000000000000     0x227c
 .debug_frame   0x0000000000000000       0xd0 Core/Src/main.o
 .debug_frame   0x00000000000000d0      0x324 Core/Src/rc522.o
 .debug_frame   0x00000000000003f4       0xc8 Core/Src/stm32f4xx_hal_msp.o
 .debug_frame   0x00000000000004bc      0x10c Core/Src/stm32f4xx_it.o
 .debug_frame   0x00000000000005c8       0x58 Core/Src/system_stm32f4xx.o
 .debug_frame   0x0000000000000620      0x374 Drivers/STM32F4xx_HAL_Driver/Src/stm32f4xx_hal.o
 .debug_frame   0x0000000000000994      0x498 Drivers/STM32F4xx_HAL_Driver/Src/stm32f4xx_hal_cortex.o
 .debug_frame   0x0000000000000e2c      0x14c Drivers/STM32F4xx_HAL_Driver/Src/stm32f4xx_hal_gpio.o
 .debug_frame   0x0000000000000f78      0x1f0 Drivers/STM32F4xx_HAL_Driver/Src/stm32f4xx_hal_rcc.o
 .debug_frame   0x0000000000001168      0x824 Drivers/STM32F4xx_HAL_Driver/Src/stm32f4xx_hal_spi.o
 .debug_frame   0x000000000000198c      0x844 Drivers/STM32F4xx_HAL_Driver/Src/stm32f4xx_hal_uart.o
 .debug_frame   0x00000000000021d0       0x2c c:/st/stm32cubeide_1.3.0/stm32cubeide/plugins/com.st.stm32cube.ide.mcu.externaltools.gnu-tools-for-stm32.7-2018-q2-update.win32_1.0.0.201904181610/tools/bin/../lib/gcc/arm-none-eabi/7.3.1/../../../../arm-none-eabi/lib/thumb/v7e-m/fpv4-sp/hard\libc_nano.a(lib_a-init.o)
 .debug_frame   0x00000000000021fc       0x20 c:/st/stm32cubeide_1.3.0/stm32cubeide/plugins/com.st.stm32cube.ide.mcu.externaltools.gnu-tools-for-stm32.7-2018-q2-update.win32_1.0.0.201904181610/tools/bin/../lib/gcc/arm-none-eabi/7.3.1/../../../../arm-none-eabi/lib/thumb/v7e-m/fpv4-sp/hard\libc_nano.a(lib_a-memset.o)
 .debug_frame   0x000000000000221c       0x2c c:/st/stm32cubeide_1.3.0/stm32cubeide/plugins/com.st.stm32cube.ide.mcu.externaltools.gnu-tools-for-stm32.7-2018-q2-update.win32_1.0.0.201904181610/tools/bin/../lib/gcc/arm-none-eabi/7.3.1/thumb/v7e-m/fpv4-sp/hard\libgcc.a(_aeabi_uldivmod.o)
 .debug_frame   0x0000000000002248       0x34 c:/st/stm32cubeide_1.3.0/stm32cubeide/plugins/com.st.stm32cube.ide.mcu.externaltools.gnu-tools-for-stm32.7-2018-q2-update.win32_1.0.0.201904181610/tools/bin/../lib/gcc/arm-none-eabi/7.3.1/thumb/v7e-m/fpv4-sp/hard\libgcc.a(_udivmoddi4.o)
