rc522.c:57:9:SPI1SendByte	32	static
rc522.c:76:6:SPI1_WriteReg	16	static
rc522.c:83:9:SPI1_ReadReg	24	static
rc522.c:93:6:MFRC522_WriteRegister	16	static
rc522.c:98:9:MFRC522_ReadRegister	24	static
rc522.c:106:9:MFRC522_Check	24	static
rc522.c:114:9:MFRC522_Compare	24	static
rc522.c:122:6:MFRC522_SetBitMask	16	static
rc522.c:126:6:MFRC522_ClearBitMask	16	static
rc522.c:130:9:MFRC522_Request	32	static
rc522.c:141:9:MFRC522_ToCard	40	static
rc522.c:204:9:MFRC522_Anticoll	32	static
rc522.c:222:6:MFRC522_CalculateCRC	40	static
rc522.c:245:9:MFRC522_SelectTag	40	static
rc522.c:261:9:MFRC522_Auth	48	static
rc522.c:277:9:MFRC522_Read	32	static
rc522.c:289:9:MFRC522_Write	48	static
rc522.c:310:6:MFRC522_Init	8	static
rc522.c:322:6:MFRC522_Reset	8	static
rc522.c:326:6:MFRC522_AntennaOn	16	static
rc522.c:333:6:MFRC522_AntennaOff	8	static
rc522.c:337:6:MFRC522_Halt	24	static
